tclkit `echo ./tests/all.tcl` 
Tests running in interp:  /Users/jcw/w/bin/tclkit
Tests located in:  /Users/jcw/w/svn/v6/tvq/tests
Tests running in:  /Users/jcw/w/svn/v6/tvq
Temporary files stored in /Users/jcw/w/svn/v6/tvq
Test files sourced into current interpreter
Running tests that match:  *
Skipping test files that match:  l.*.test
Only running test files that match:  *.test
Tests began at [...]
ratcl.test
  name  type  subv
  ----  ----  ----
  A        5    #0
  B        7    #1
  D       21    #0
  A  B  D
  -  -  -
  name  type  subv
  ----  ----  ----
  name     5    #0
  type     1    #0
  subv     7    #0
luaobj 0x[...]
  name  type  subv
  ----  ----  ----
  name     5    #0
  type     1    #0
  subv     7    #0
(IIIIIIILFDSB)
  abc  
  -----
      1
     22
    333
   4444
  55555
tvq.test

Tests ended at [...]
all.tcl:	Total	14	Passed	12	Skipped	2	Failed	0
Sourced 2 Test Files.
Number of tests skipped for each constraint:
	2	skip