_CONFIG	lvq 1.6.0 lo mu op ra sa
_NAME	lvq
_COPYRIGHT	Copyright (C) 1996-2007 Jean-Claude Wippler
vopdef	function: 0x[...]
_M	table: 0x[...]
_VERSION	LuaVlerq 1.6
_PACKAGE	
LuaVlerq 1.6 - lvq 1.6.0 lo mu op ra sa

view 0x[...] #0 
11
function: 0x[...]
22
row 0x106ae0 55
33
3
44
  name  type  subv
  ----  ----  ----
  name     5    #0
  type     1    #0
  subv     7    #0
55
  first   age
  ------  ---
  joe       8
  philip   35
  inez     21
view 0x[...] #1 (I)
  abc  
  -----
      1
     22
    333
   4444
  55555
view 0x[...] #1 (IIIIIIILFDSB)
68
true
nil
  first    age
  -------  ---
  joe         
  shirley   21
view
mutable
  N
  -
  0
  1
  2
  3
  abc
  ---
    0
    1
    8
   27
